// Jest Snapshot v1, https://goo.gl/fbAQLP

exports[`components/FirmTypeButton renders correctly and responds to onPress 1`] = `
<View
  accessibilityState={
    {
      "busy": undefined,
      "checked": undefined,
      "disabled": undefined,
      "expanded": undefined,
      "selected": undefined,
    }
  }
  accessibilityValue={
    {
      "max": undefined,
      "min": undefined,
      "now": undefined,
      "text": undefined,
    }
  }
  accessible={true}
  collapsable={false}
  focusable={true}
  onClick={[Function]}
  onResponderGrant={[Function]}
  onResponderMove={[Function]}
  onResponderRelease={[Function]}
  onResponderTerminate={[Function]}
  onResponderTerminationRequest={[Function]}
  onStartShouldSetResponder={[Function]}
  style={
    {
      "backgroundColor": "gray",
      "borderRadius": 10,
      "flexDirection": "row",
      "height": 40,
      "justifyContent": "center",
      "margin": 5,
      "opacity": 1,
      "padding": 10,
      "width": 100,
    }
  }
>
  <Text
    style={
      {
        "color": "#00ccff",
        "fontSize": 17,
        "fontWeight": "bold",
      }
    }
  >
    Test Button
  </Text>
</View>
`;
