// Jest Snapshot v1, https://goo.gl/fbAQLP

exports[`components/HotelCard renders correctly 1`] = `
<View
  style={
    {
      "backgroundColor": "#00ccff",
      "borderColor": "black",
      "borderRadius": 10,
      "borderWidth": 1,
      "marginHorizontal": 20,
      "marginVertical": 10,
    }
  }
>
  <Text
    style={
      {
        "backgroundColor": "#ffffff",
        "borderRadius": 5,
        "borderWidth": 1,
        "fontSize": 17,
        "fontWeight": "bold",
        "margin": 5,
        "padding": 5,
      }
    }
  >
    Name: 
    Test Name
  </Text>
  <Text
    style={
      {
        "backgroundColor": "#ffffff",
        "borderRadius": 5,
        "borderWidth": 1,
        "fontSize": 17,
        "fontWeight": "bold",
        "margin": 5,
        "padding": 5,
      }
    }
  >
    Hotel Name: 
    Test Hotel
  </Text>
  <Text
    style={
      {
        "backgroundColor": "#ffffff",
        "borderRadius": 5,
        "borderWidth": 1,
        "fontSize": 17,
        "fontWeight": "bold",
        "margin": 5,
        "padding": 5,
      }
    }
  >
    Date: 
    2023-05-15
  </Text>
  <Text
    style={
      {
        "backgroundColor": "#ffffff",
        "borderRadius": 5,
        "borderWidth": 1,
        "fontSize": 17,
        "fontWeight": "bold",
        "margin": 5,
        "padding": 5,
      }
    }
  >
    Room No: 
    101
  </Text>
  <Text
    style={
      {
        "backgroundColor": "#ffffff",
        "borderRadius": 5,
        "borderWidth": 1,
        "fontSize": 17,
        "fontWeight": "bold",
        "margin": 5,
        "padding": 5,
      }
    }
  >
    City: 
    Test City
  </Text>
</View>
`;
