// Jest Snapshot v1, https://goo.gl/fbAQLP

exports[`components/TicketCard renders correctly 1`] = `
<View
  style={
    {
      "backgroundColor": "#00ccff",
      "borderColor": "black",
      "borderRadius": 10,
      "borderWidth": 1,
      "marginHorizontal": 20,
      "marginVertical": 10,
    }
  }
>
  <Text
    style={
      {
        "backgroundColor": "#ffffff",
        "borderRadius": 5,
        "borderWidth": 1,
        "fontSize": 17,
        "fontWeight": "bold",
        "margin": 5,
        "padding": 5,
      }
    }
  >
    Name: 
    Test Name
  </Text>
  <Text
    style={
      {
        "backgroundColor": "#ffffff",
        "borderRadius": 5,
        "borderWidth": 1,
        "fontSize": 17,
        "fontWeight": "bold",
        "margin": 5,
        "padding": 5,
      }
    }
  >
    Firm: 
    Test Firm
  </Text>
  <Text
    style={
      {
        "backgroundColor": "#ffffff",
        "borderRadius": 5,
        "borderWidth": 1,
        "fontSize": 17,
        "fontWeight": "bold",
        "margin": 5,
        "padding": 5,
      }
    }
  >
    Test Start
    -
    Test Finish
  </Text>
  <Text
    style={
      {
        "backgroundColor": "#ffffff",
        "borderRadius": 5,
        "borderWidth": 1,
        "fontSize": 17,
        "fontWeight": "bold",
        "margin": 5,
        "padding": 5,
      }
    }
  >
    Date:
    2023-05-15
  </Text>
  <Text
    style={
      {
        "backgroundColor": "#ffffff",
        "borderRadius": 5,
        "borderWidth": 1,
        "fontSize": 17,
        "fontWeight": "bold",
        "margin": 5,
        "padding": 5,
      }
    }
  >
    Seat No:
    A101
  </Text>
</View>
`;
